<?xml version="1.0" encoding="UTF-8"?>
<testsuites>
  <testsuite name="All application tests" tests="1" assertions="1" failures="1" errors="0" time="0.009722">
    <testsuite name="BuildTest" file="/Users/tsukasa_hk/projects/cake/app2/Test/Case/Model/BuildTest.php" tests="1" assertions="1" failures="1" errors="0" time="0.009722">
      <testcase name="testFirs" class="BuildTest" file="/Users/tsukasa_hk/projects/cake/app2/Test/Case/Model/BuildTest.php" line="18" assertions="1" time="0.009722">
        <failure type="PHPUnit_Framework_ExpectationFailedException">BuildTest::testFirs
Failed asserting that false matches expected true.

/Users/tsukasa_hk/projects/cake/app2/Test/Case/Model/BuildTest.php:20
/Users/tsukasa_hk/projects/cake/Vendor/cakephp/cakephp/lib/Cake/TestSuite/CakeTestCase.php:82
/Users/tsukasa_hk/projects/cake/Vendor/cakephp/cakephp/lib/Cake/TestSuite/CakeTestRunner.php:62
/Users/tsukasa_hk/projects/cake/Vendor/cakephp/cakephp/lib/Cake/TestSuite/CakeTestSuiteCommand.php:98
/Users/tsukasa_hk/projects/cake/Vendor/cakephp/cakephp/lib/Cake/Console/Command/TestShell.php:274
/Users/tsukasa_hk/projects/cake/Vendor/cakephp/cakephp/lib/Cake/Console/Command/TestShell.php:259
/Users/tsukasa_hk/projects/cake/Vendor/cakephp/cakephp/lib/Cake/Console/Shell.php:447
/Users/tsukasa_hk/projects/cake/Vendor/cakephp/cakephp/lib/Cake/Console/ShellDispatcher.php:212
/Users/tsukasa_hk/projects/cake/Vendor/cakephp/cakephp/lib/Cake/Console/ShellDispatcher.php:66
</failure>
      </testcase>
    </testsuite>
  </testsuite>
</testsuites>
